5
4
3
3
2
1
  <div id="this two">
    <div id="this three">
      <div id="this four">
      target
      </div>
    </div>
  </div>
